  0.000000000000000E+000  3.227208929356177E+015
   1.00000000000000        3344132833244.86     
   2.00000000000000       -110213060610.894     
   3.00000000000000        19322970565.7845     
   4.00000000000000        86175677.4007070     
   5.00000000000000       -1501321.82924072     
   6.00000000000000        109384.211356630     
   7.00000000000000        950.860602731589     
   8.00000000000000       -12.4722825245894     
   9.00000000000000       0.580912342173306     
