 Vpot  0.250164674292281     
 kinetic  0.250167805350893     
