   0.00000000E+000   0.99999999E+000   0.00000000E+000
   0.10000000E+004   0.68866047E+000   0.31133952E+000
   0.20000000E+004   0.68866047E+000   0.31133952E+000
   0.30000000E+004   0.68866047E+000   0.31133952E+000
