 t  T1  R1  T2  R2
    0.00000000E+00    0.99999996E+00    0.12433408E-26    0.00000000E+00    0.00000000E+00
    0.10000000E+04    0.68866045E+00    0.32769590E-09    0.31133951E+00    0.13210450E-10
    0.20000000E+04    0.68866045E+00    0.32769592E-09    0.31133951E+00    0.13210452E-10
    0.30000000E+04    0.68866045E+00    0.32775399E-09    0.31133951E+00    0.13237014E-10
