   0.00000000E+000   0.47179051E+000   0.00000000E+000   0.00000000E+000
   0.24188843E+000   0.47179051E+004   0.00000000E+000   0.00000000E+000
   0.48377685E+000   0.47179051E+008   0.00000000E+000   0.00000000E+000
   0.72566528E+000   0.47179051E+012   0.00000000E+000   0.00000000E+000
   0.96755370E+000   0.47179051E+016   0.00000000E+000   0.00000000E+000
   0.12094421E+001   0.47179051E+020   0.00000000E+000   0.00000000E+000
   0.14513306E+001   0.47179051E+024   0.00000000E+000   0.00000000E+000
   0.16932190E+001   0.47179051E+028   0.00000000E+000   0.00000000E+000
   0.19351074E+001   0.47179051E+032   0.00000000E+000   0.00000000E+000
   0.21769958E+001   0.47179051E+036   0.00000000E+000   0.00000000E+000
   0.24188843E+001   0.47179051E+040   0.00000000E+000   0.00000000E+000
   0.26607727E+001   0.47179051E+044   0.00000000E+000   0.00000000E+000
   0.29026611E+001   0.47179051E+048   0.00000000E+000   0.00000000E+000
   0.31445495E+001   0.47179051E+052   0.00000000E+000   0.00000000E+000
   0.33864380E+001   0.47179051E+056   0.00000000E+000   0.00000000E+000
   0.36283264E+001   0.47179051E+060   0.00000000E+000   0.00000000E+000
   0.38702148E+001   0.47179051E+064   0.00000000E+000   0.00000000E+000
   0.41121032E+001   0.47179051E+068   0.00000000E+000   0.00000000E+000
   0.43539917E+001   0.47179051E+072   0.00000000E+000   0.00000000E+000
   0.45958801E+001   0.47179051E+076   0.00000000E+000   0.00000000E+000
   0.48377685E+001   0.47179051E+080   0.00000000E+000   0.00000000E+000
   0.50796570E+001   0.47179051E+084   0.00000000E+000   0.00000000E+000
   0.53215454E+001   0.47179051E+088   0.00000000E+000   0.00000000E+000
   0.55634338E+001   0.47179051E+092   0.00000000E+000   0.00000000E+000
   0.58053222E+001   0.47179051E+096   0.00000000E+000   0.00000000E+000
   0.60472107E+001   0.47179051E+100   0.00000000E+000   0.00000000E+000
   0.62890991E+001   0.47179051E+104   0.00000000E+000   0.00000000E+000
   0.65309875E+001   0.47179051E+108   0.00000000E+000   0.00000000E+000
   0.67728759E+001   0.47179051E+112   0.00000000E+000   0.00000000E+000
   0.70147644E+001   0.47179051E+116   0.00000000E+000   0.00000000E+000
   0.72566528E+001   0.47179051E+120   0.00000000E+000   0.00000000E+000
   0.74985412E+001   0.47179051E+124   0.00000000E+000   0.00000000E+000
   0.77404296E+001   0.47179051E+128   0.00000000E+000   0.00000000E+000
   0.79823181E+001   0.47179051E+132   0.00000000E+000   0.00000000E+000
   0.82242065E+001   0.47179051E+136   0.00000000E+000   0.00000000E+000
   0.84660949E+001   0.47179051E+140   0.00000000E+000   0.00000000E+000
   0.87079833E+001   0.47179051E+144   0.00000000E+000   0.00000000E+000
   0.89498718E+001   0.47179051E+148   0.00000000E+000   0.00000000E+000
   0.91917602E+001   0.47179051E+152   0.00000000E+000   0.00000000E+000
   0.94336486E+001   0.47179051E+156   0.00000000E+000   0.00000000E+000
   0.96755370E+001   0.47179051E+160   0.00000000E+000   0.00000000E+000
   0.99174255E+001   0.47179051E+164   0.00000000E+000   0.00000000E+000
   0.10159314E+002   0.47179051E+168   0.00000000E+000   0.00000000E+000
   0.10401202E+002   0.47179051E+172   0.00000000E+000   0.00000000E+000
   0.10643091E+002   0.47179051E+176   0.00000000E+000   0.00000000E+000
   0.10884979E+002   0.47179051E+180   0.00000000E+000   0.00000000E+000
   0.11126868E+002   0.47179051E+184   0.00000000E+000   0.00000000E+000
   0.11368756E+002   0.47179051E+188   0.00000000E+000   0.00000000E+000
   0.11610644E+002   0.47179051E+192   0.00000000E+000   0.00000000E+000
   0.11852533E+002   0.47179051E+196   0.00000000E+000   0.00000000E+000
   0.12094421E+002   0.47179051E+200   0.00000000E+000   0.00000000E+000
   0.12336310E+002   0.47179051E+204   0.00000000E+000   0.00000000E+000
   0.12578198E+002   0.47179051E+208   0.00000000E+000   0.00000000E+000
   0.12820087E+002   0.47179051E+212   0.00000000E+000   0.00000000E+000
   0.13061975E+002   0.47179051E+216   0.00000000E+000   0.00000000E+000
   0.13303863E+002   0.47179051E+220   0.00000000E+000   0.00000000E+000
   0.13545752E+002   0.47179051E+224   0.00000000E+000   0.00000000E+000
   0.13787640E+002   0.47179051E+228   0.00000000E+000   0.00000000E+000
   0.14029529E+002   0.47179051E+232   0.00000000E+000   0.00000000E+000
   0.14271417E+002   0.47179051E+236   0.00000000E+000   0.00000000E+000
   0.14513306E+002   0.47179051E+240   0.00000000E+000   0.00000000E+000
   0.14755194E+002   0.47179051E+244   0.00000000E+000   0.00000000E+000
   0.14997082E+002   0.47179051E+248   0.00000000E+000   0.00000000E+000
   0.15238971E+002   0.47179051E+252   0.00000000E+000   0.00000000E+000
   0.15480859E+002   0.47179051E+256   0.00000000E+000   0.00000000E+000
   0.15722748E+002   0.47179051E+260   0.00000000E+000   0.00000000E+000
   0.15964636E+002   0.47179051E+264   0.00000000E+000   0.00000000E+000
   0.16206525E+002   0.47179051E+268   0.00000000E+000   0.00000000E+000
   0.16448413E+002   0.47179051E+272   0.00000000E+000   0.00000000E+000
   0.16690301E+002   0.47179051E+276   0.00000000E+000   0.00000000E+000
   0.16932190E+002   0.47179051E+280   0.00000000E+000   0.00000000E+000
   0.17174078E+002   0.47179051E+284   0.00000000E+000   0.00000000E+000
   0.17415967E+002   0.47179051E+288   0.00000000E+000   0.00000000E+000
   0.17657855E+002   0.47179051E+292   0.00000000E+000   0.00000000E+000
   0.17899744E+002   0.47179051E+296   0.00000000E+000   0.00000000E+000
   0.18141632E+002   0.47179051E+300   0.00000000E+000   0.00000000E+000
   0.18383520E+002   0.47179051E+304   0.00000000E+000   0.00000000E+000
   0.18625409E+002          Infinity   0.00000000E+000   0.00000000E+000
   0.18867297E+002          Infinity   0.00000000E+000   0.00000000E+000
   0.19109186E+002          Infinity   0.00000000E+000   0.00000000E+000
   0.19351074E+002          Infinity   0.00000000E+000   0.00000000E+000
   0.19592963E+002          Infinity   0.00000000E+000   0.00000000E+000
   0.19834851E+002          Infinity   0.00000000E+000   0.00000000E+000
   0.20076739E+002          Infinity   0.00000000E+000   0.00000000E+000
   0.20318628E+002          Infinity   0.00000000E+000   0.00000000E+000
   0.20560516E+002          Infinity   0.00000000E+000   0.00000000E+000
   0.20802405E+002          Infinity   0.00000000E+000   0.00000000E+000
   0.21044293E+002          Infinity   0.00000000E+000   0.00000000E+000
   0.21286182E+002          Infinity   0.00000000E+000   0.00000000E+000
   0.21528070E+002          Infinity   0.00000000E+000   0.00000000E+000
   0.21769958E+002          Infinity   0.00000000E+000   0.00000000E+000
   0.22011847E+002          Infinity   0.00000000E+000   0.00000000E+000
   0.22253735E+002          Infinity   0.00000000E+000   0.00000000E+000
   0.22495624E+002          Infinity   0.00000000E+000   0.00000000E+000
   0.22737512E+002          Infinity   0.00000000E+000   0.00000000E+000
   0.22979400E+002          Infinity   0.00000000E+000   0.00000000E+000
   0.23221289E+002          Infinity   0.00000000E+000   0.00000000E+000
   0.23463177E+002          Infinity   0.00000000E+000   0.00000000E+000
   0.23705066E+002          Infinity   0.00000000E+000   0.00000000E+000
   0.23946954E+002          Infinity   0.00000000E+000   0.00000000E+000
   0.24188843E+002          Infinity   0.00000000E+000   0.00000000E+000
   0.24430731E+002          Infinity   0.00000000E+000   0.00000000E+000
   0.24672619E+002          Infinity   0.00000000E+000   0.00000000E+000
   0.24914508E+002          Infinity   0.00000000E+000   0.00000000E+000
   0.25156396E+002          Infinity   0.00000000E+000   0.00000000E+000
   0.25398285E+002          Infinity   0.00000000E+000   0.00000000E+000
   0.25640173E+002          Infinity   0.00000000E+000   0.00000000E+000
   0.25882062E+002          Infinity   0.00000000E+000   0.00000000E+000
   0.26123950E+002          Infinity   0.00000000E+000   0.00000000E+000
   0.26365838E+002          Infinity   0.00000000E+000   0.00000000E+000
   0.26607727E+002          Infinity   0.00000000E+000   0.00000000E+000
   0.26849615E+002          Infinity   0.00000000E+000   0.00000000E+000
   0.27091504E+002          Infinity   0.00000000E+000   0.00000000E+000
   0.27333392E+002          Infinity   0.00000000E+000   0.00000000E+000
   0.27575281E+002          Infinity   0.00000000E+000   0.00000000E+000
   0.27817169E+002          Infinity   0.00000000E+000   0.00000000E+000
   0.28059057E+002          Infinity   0.00000000E+000   0.00000000E+000
   0.28300946E+002          Infinity   0.00000000E+000   0.00000000E+000
   0.28542834E+002          Infinity   0.00000000E+000   0.00000000E+000
   0.28784723E+002          Infinity   0.00000000E+000   0.00000000E+000
   0.29026611E+002          Infinity   0.00000000E+000   0.00000000E+000
   0.29268500E+002          Infinity   0.00000000E+000   0.00000000E+000
   0.29510388E+002          Infinity   0.00000000E+000   0.00000000E+000
   0.29752276E+002          Infinity   0.00000000E+000   0.00000000E+000
   0.29994165E+002          Infinity   0.00000000E+000   0.00000000E+000
   0.30236053E+002          Infinity   0.00000000E+000   0.00000000E+000
   0.30477942E+002          Infinity   0.00000000E+000   0.00000000E+000
   0.30719830E+002          Infinity   0.00000000E+000   0.00000000E+000
   0.30961719E+002          Infinity   0.00000000E+000   0.00000000E+000
   0.31203607E+002          Infinity   0.00000000E+000   0.00000000E+000
   0.31445495E+002          Infinity   0.00000000E+000   0.00000000E+000
   0.31687384E+002          Infinity   0.00000000E+000   0.00000000E+000
   0.31929272E+002          Infinity   0.00000000E+000   0.00000000E+000
   0.32171161E+002          Infinity   0.00000000E+000   0.00000000E+000
   0.32413049E+002          Infinity   0.00000000E+000   0.00000000E+000
   0.32654938E+002          Infinity   0.00000000E+000   0.00000000E+000
   0.32896826E+002          Infinity   0.00000000E+000   0.00000000E+000
   0.33138714E+002          Infinity   0.00000000E+000   0.00000000E+000
   0.33380603E+002          Infinity   0.00000000E+000   0.00000000E+000
   0.33622491E+002          Infinity   0.00000000E+000   0.00000000E+000
   0.33864380E+002          Infinity   0.00000000E+000   0.00000000E+000
   0.34106268E+002          Infinity   0.00000000E+000   0.00000000E+000
   0.34348157E+002          Infinity   0.00000000E+000   0.00000000E+000
   0.34590045E+002          Infinity   0.00000000E+000   0.00000000E+000
   0.34831933E+002          Infinity   0.00000000E+000   0.00000000E+000
   0.35073822E+002          Infinity   0.00000000E+000   0.00000000E+000
   0.35315710E+002          Infinity   0.00000000E+000   0.00000000E+000
   0.35557599E+002          Infinity   0.00000000E+000   0.00000000E+000
   0.35799487E+002          Infinity   0.00000000E+000   0.00000000E+000
   0.36041376E+002          Infinity   0.00000000E+000   0.00000000E+000
   0.36283264E+002          Infinity   0.00000000E+000   0.00000000E+000
   0.36525152E+002          Infinity   0.00000000E+000   0.00000000E+000
   0.36767041E+002          Infinity   0.00000000E+000   0.00000000E+000
   0.37008929E+002          Infinity   0.00000000E+000   0.00000000E+000
   0.37250818E+002          Infinity   0.00000000E+000   0.00000000E+000
   0.37492706E+002               NaN   0.00000000E+000   0.00000000E+000
   0.37734594E+002               NaN               NaN               NaN
   0.37976483E+002               NaN               NaN               NaN
   0.38218371E+002               NaN               NaN               NaN
   0.38460260E+002               NaN               NaN               NaN
   0.38702148E+002               NaN               NaN               NaN
   0.38944037E+002               NaN               NaN               NaN
   0.39185925E+002               NaN               NaN               NaN
   0.39427813E+002               NaN               NaN               NaN
   0.39669702E+002               NaN               NaN               NaN
   0.39911590E+002               NaN               NaN               NaN
   0.40153479E+002               NaN               NaN               NaN
   0.40395367E+002               NaN               NaN               NaN
   0.40637256E+002               NaN               NaN               NaN
   0.40879144E+002               NaN               NaN               NaN
   0.41121032E+002               NaN               NaN               NaN
   0.41362921E+002               NaN               NaN               NaN
   0.41604809E+002               NaN               NaN               NaN
   0.41846698E+002               NaN               NaN               NaN
   0.42088586E+002               NaN               NaN               NaN
   0.42330475E+002               NaN               NaN               NaN
   0.42572363E+002               NaN               NaN               NaN
   0.42814251E+002               NaN               NaN               NaN
   0.43056140E+002               NaN               NaN               NaN
   0.43298028E+002               NaN               NaN               NaN
   0.43539917E+002               NaN               NaN               NaN
   0.43781805E+002               NaN               NaN               NaN
   0.44023694E+002               NaN               NaN               NaN
   0.44265582E+002               NaN               NaN               NaN
   0.44507470E+002               NaN               NaN               NaN
   0.44749359E+002               NaN               NaN               NaN
   0.44991247E+002               NaN               NaN               NaN
   0.45233136E+002               NaN               NaN               NaN
   0.45475024E+002               NaN               NaN               NaN
   0.45716913E+002               NaN               NaN               NaN
   0.45958801E+002               NaN               NaN               NaN
   0.46200689E+002               NaN               NaN               NaN
   0.46442578E+002               NaN               NaN               NaN
   0.46684466E+002               NaN               NaN               NaN
   0.46926355E+002               NaN               NaN               NaN
   0.47168243E+002               NaN               NaN               NaN
   0.47410132E+002               NaN               NaN               NaN
   0.47652020E+002               NaN               NaN               NaN
   0.47893908E+002               NaN               NaN               NaN
   0.48135797E+002               NaN               NaN               NaN
   0.48377685E+002               NaN               NaN               NaN
   0.48619574E+002               NaN               NaN               NaN
   0.48861462E+002               NaN               NaN               NaN
   0.49103351E+002               NaN               NaN               NaN
   0.49345239E+002               NaN               NaN               NaN
   0.49587127E+002               NaN               NaN               NaN
   0.49829016E+002               NaN               NaN               NaN
   0.50070904E+002               NaN               NaN               NaN
   0.50312793E+002               NaN               NaN               NaN
   0.50554681E+002               NaN               NaN               NaN
   0.50796570E+002               NaN               NaN               NaN
   0.51038458E+002               NaN               NaN               NaN
   0.51280346E+002               NaN               NaN               NaN
   0.51522235E+002               NaN               NaN               NaN
   0.51764123E+002               NaN               NaN               NaN
   0.52006012E+002               NaN               NaN               NaN
   0.52247900E+002               NaN               NaN               NaN
   0.52489788E+002               NaN               NaN               NaN
   0.52731677E+002               NaN               NaN               NaN
   0.52973565E+002               NaN               NaN               NaN
   0.53215454E+002               NaN               NaN               NaN
   0.53457342E+002               NaN               NaN               NaN
   0.53699231E+002               NaN               NaN               NaN
   0.53941119E+002               NaN               NaN               NaN
   0.54183007E+002               NaN               NaN               NaN
   0.54424896E+002               NaN               NaN               NaN
   0.54666784E+002               NaN               NaN               NaN
   0.54908673E+002               NaN               NaN               NaN
   0.55150561E+002               NaN               NaN               NaN
   0.55392450E+002               NaN               NaN               NaN
   0.55634338E+002               NaN               NaN               NaN
   0.55876226E+002               NaN               NaN               NaN
   0.56118115E+002               NaN               NaN               NaN
   0.56360003E+002               NaN               NaN               NaN
   0.56601892E+002               NaN               NaN               NaN
   0.56843780E+002               NaN               NaN               NaN
   0.57085669E+002               NaN               NaN               NaN
   0.57327557E+002               NaN               NaN               NaN
   0.57569445E+002               NaN               NaN               NaN
   0.57811334E+002               NaN               NaN               NaN
   0.58053222E+002               NaN               NaN               NaN
   0.58295111E+002               NaN               NaN               NaN
   0.58536999E+002               NaN               NaN               NaN
   0.58778888E+002               NaN               NaN               NaN
   0.59020776E+002               NaN               NaN               NaN
   0.59262664E+002               NaN               NaN               NaN
   0.59504553E+002               NaN               NaN               NaN
   0.59746441E+002               NaN               NaN               NaN
   0.59988330E+002               NaN               NaN               NaN
   0.60230218E+002               NaN               NaN               NaN
   0.60472107E+002               NaN               NaN               NaN
   0.60713995E+002               NaN               NaN               NaN
   0.60955883E+002               NaN               NaN               NaN
   0.61197772E+002               NaN               NaN               NaN
   0.61439660E+002               NaN               NaN               NaN
   0.61681549E+002               NaN               NaN               NaN
   0.61923437E+002               NaN               NaN               NaN
   0.62165326E+002               NaN               NaN               NaN
   0.62407214E+002               NaN               NaN               NaN
   0.62649102E+002               NaN               NaN               NaN
   0.62890991E+002               NaN               NaN               NaN
   0.63132879E+002               NaN               NaN               NaN
   0.63374768E+002               NaN               NaN               NaN
   0.63616656E+002               NaN               NaN               NaN
   0.63858545E+002               NaN               NaN               NaN
   0.64100433E+002               NaN               NaN               NaN
   0.64342321E+002               NaN               NaN               NaN
   0.64584210E+002               NaN               NaN               NaN
   0.64826098E+002               NaN               NaN               NaN
   0.65067987E+002               NaN               NaN               NaN
   0.65309875E+002               NaN               NaN               NaN
   0.65551764E+002               NaN               NaN               NaN
   0.65793652E+002               NaN               NaN               NaN
   0.66035540E+002               NaN               NaN               NaN
   0.66277429E+002               NaN               NaN               NaN
   0.66519317E+002               NaN               NaN               NaN
   0.66761206E+002               NaN               NaN               NaN
   0.67003094E+002               NaN               NaN               NaN
   0.67244982E+002               NaN               NaN               NaN
   0.67486871E+002               NaN               NaN               NaN
   0.67728759E+002               NaN               NaN               NaN
   0.67970648E+002               NaN               NaN               NaN
   0.68212536E+002               NaN               NaN               NaN
   0.68454425E+002               NaN               NaN               NaN
   0.68696313E+002               NaN               NaN               NaN
   0.68938201E+002               NaN               NaN               NaN
   0.69180090E+002               NaN               NaN               NaN
   0.69421978E+002               NaN               NaN               NaN
   0.69663867E+002               NaN               NaN               NaN
   0.69905755E+002               NaN               NaN               NaN
   0.70147644E+002               NaN               NaN               NaN
   0.70389532E+002               NaN               NaN               NaN
   0.70631420E+002               NaN               NaN               NaN
   0.70873309E+002               NaN               NaN               NaN
   0.71115197E+002               NaN               NaN               NaN
   0.71357086E+002               NaN               NaN               NaN
   0.71598974E+002               NaN               NaN               NaN
   0.71840863E+002               NaN               NaN               NaN
   0.72082751E+002               NaN               NaN               NaN
   0.72324639E+002               NaN               NaN               NaN
   0.72566528E+002               NaN               NaN               NaN
   0.72808416E+002               NaN               NaN               NaN
   0.73050305E+002               NaN               NaN               NaN
   0.73292193E+002               NaN               NaN               NaN
   0.73534082E+002               NaN               NaN               NaN
   0.73775970E+002               NaN               NaN               NaN
   0.74017858E+002               NaN               NaN               NaN
   0.74259747E+002               NaN               NaN               NaN
   0.74501635E+002               NaN               NaN               NaN
   0.74743524E+002               NaN               NaN               NaN
   0.74985412E+002               NaN               NaN               NaN
   0.75227301E+002               NaN               NaN               NaN
   0.75469189E+002               NaN               NaN               NaN
   0.75711077E+002               NaN               NaN               NaN
   0.75952966E+002               NaN               NaN               NaN
   0.76194854E+002               NaN               NaN               NaN
   0.76436743E+002               NaN               NaN               NaN
   0.76678631E+002               NaN               NaN               NaN
   0.76920520E+002               NaN               NaN               NaN
   0.77162408E+002               NaN               NaN               NaN
   0.77404296E+002               NaN               NaN               NaN
   0.77646185E+002               NaN               NaN               NaN
   0.77888073E+002               NaN               NaN               NaN
   0.78129962E+002               NaN               NaN               NaN
   0.78371850E+002               NaN               NaN               NaN
   0.78613739E+002               NaN               NaN               NaN
   0.78855627E+002               NaN               NaN               NaN
   0.79097515E+002               NaN               NaN               NaN
   0.79339404E+002               NaN               NaN               NaN
   0.79581292E+002               NaN               NaN               NaN
   0.79823181E+002               NaN               NaN               NaN
   0.80065069E+002               NaN               NaN               NaN
   0.80306958E+002               NaN               NaN               NaN
   0.80548846E+002               NaN               NaN               NaN
   0.80790734E+002               NaN               NaN               NaN
   0.81032623E+002               NaN               NaN               NaN
   0.81274511E+002               NaN               NaN               NaN
   0.81516400E+002               NaN               NaN               NaN
   0.81758288E+002               NaN               NaN               NaN
   0.82000176E+002               NaN               NaN               NaN
   0.82242065E+002               NaN               NaN               NaN
   0.82483953E+002               NaN               NaN               NaN
   0.82725842E+002               NaN               NaN               NaN
   0.82967730E+002               NaN               NaN               NaN
   0.83209619E+002               NaN               NaN               NaN
   0.83451507E+002               NaN               NaN               NaN
   0.83693395E+002               NaN               NaN               NaN
   0.83935284E+002               NaN               NaN               NaN
   0.84177172E+002               NaN               NaN               NaN
   0.84419061E+002               NaN               NaN               NaN
   0.84660949E+002               NaN               NaN               NaN
   0.84902838E+002               NaN               NaN               NaN
   0.85144726E+002               NaN               NaN               NaN
   0.85386614E+002               NaN               NaN               NaN
   0.85628503E+002               NaN               NaN               NaN
   0.85870391E+002               NaN               NaN               NaN
   0.86112280E+002               NaN               NaN               NaN
   0.86354168E+002               NaN               NaN               NaN
   0.86596057E+002               NaN               NaN               NaN
   0.86837945E+002               NaN               NaN               NaN
   0.87079833E+002               NaN               NaN               NaN
   0.87321722E+002               NaN               NaN               NaN
   0.87563610E+002               NaN               NaN               NaN
   0.87805499E+002               NaN               NaN               NaN
   0.88047387E+002               NaN               NaN               NaN
   0.88289276E+002               NaN               NaN               NaN
   0.88531164E+002               NaN               NaN               NaN
   0.88773052E+002               NaN               NaN               NaN
   0.89014941E+002               NaN               NaN               NaN
   0.89256829E+002               NaN               NaN               NaN
   0.89498718E+002               NaN               NaN               NaN
   0.89740606E+002               NaN               NaN               NaN
   0.89982495E+002               NaN               NaN               NaN
   0.90224383E+002               NaN               NaN               NaN
   0.90466271E+002               NaN               NaN               NaN
   0.90708160E+002               NaN               NaN               NaN
   0.90950048E+002               NaN               NaN               NaN
   0.91191937E+002               NaN               NaN               NaN
   0.91433825E+002               NaN               NaN               NaN
   0.91675714E+002               NaN               NaN               NaN
   0.91917602E+002               NaN               NaN               NaN
   0.92159490E+002               NaN               NaN               NaN
   0.92401379E+002               NaN               NaN               NaN
   0.92643267E+002               NaN               NaN               NaN
   0.92885156E+002               NaN               NaN               NaN
   0.93127044E+002               NaN               NaN               NaN
   0.93368933E+002               NaN               NaN               NaN
   0.93610821E+002               NaN               NaN               NaN
   0.93852709E+002               NaN               NaN               NaN
   0.94094598E+002               NaN               NaN               NaN
   0.94336486E+002               NaN               NaN               NaN
   0.94578375E+002               NaN               NaN               NaN
   0.94820263E+002               NaN               NaN               NaN
   0.95062152E+002               NaN               NaN               NaN
   0.95304040E+002               NaN               NaN               NaN
   0.95545928E+002               NaN               NaN               NaN
   0.95787817E+002               NaN               NaN               NaN
   0.96029705E+002               NaN               NaN               NaN
   0.96271594E+002               NaN               NaN               NaN
   0.96513482E+002               NaN               NaN               NaN
