 Vpot  0.290825701453496     
 kinetic  0.581668359821437     
