 Vpot  2.253408714309990E-003
 kinetic  9.688007170669583E-005
