   0.00000000E+000   0.99999999E+000   0.00000000E+000
   0.10000000E+000   0.34012400E+002   0.11620292E+003
   0.20000000E+000   0.54074690E+007   0.18560874E+008
   0.30000000E+000   0.86300507E+012   0.29621987E+013
   0.40000000E+000   0.13773044E+018   0.47274917E+018
   0.50000000E+000   0.21980953E+023   0.75447936E+023
   0.60000000E+000   0.35080284E+028   0.12041039E+029
   0.70000000E+000   0.55986032E+033   0.19216776E+034
   0.80000000E+000   0.89350353E+038   0.30668824E+039
   0.90000000E+000   0.14259781E+044   0.48945605E+044
   0.10000000E+001   0.22757756E+049   0.78114254E+049
   0.11000000E+001   0.36320016E+054   0.12466567E+055
   0.12000000E+001   0.57964570E+059   0.19895894E+060
   0.13000000E+001   0.92507981E+064   0.31752655E+065
   0.14000000E+001   0.14763720E+070   0.50675336E+070
   0.15000000E+001   0.23562012E+075   0.80874800E+075
   0.16000000E+001   0.37603560E+080   0.12907134E+081
   0.17000000E+001   0.60013029E+085   0.20599012E+086
   0.18000000E+001   0.95777199E+090   0.32874789E+091
   0.19000000E+001   0.15285467E+096   0.52466194E+096
   0.20000000E+001   0.24394690E+101   0.83732903E+101
   0.21000000E+001   0.38932464E+106   0.13363270E+107
   0.22000000E+001   0.62133880E+111   0.21326978E+112
   0.23000000E+001   0.99161950E+116   0.34036579E+117
   0.24000000E+001   0.15825653E+122   0.54320341E+122
   0.25000000E+001   0.25256794E+127   0.86692011E+127
   0.26000000E+001   0.40308331E+132   0.13835526E+133
   0.27000000E+001   0.64329681E+137   0.22080670E+138
   0.28000000E+001   0.10266632E+143   0.35239426E+143
   0.29000000E+001   0.16384929E+148   0.56240014E+148
   0.30000000E+001   0.26149366E+153   0.89755693E+153
   0.31000000E+001   0.41732821E+158   0.14324471E+159
   0.32000000E+001   0.66603082E+163   0.22860997E+164
   0.33000000E+001   0.10629453E+169   0.36484782E+169
   0.34000000E+001   0.16963970E+174   0.58227527E+174
   0.35000000E+001   0.27073480E+179   0.92927645E+179
   0.36000000E+001   0.43207652E+184   0.14830695E+185
   0.37000000E+001   0.68956825E+189   0.23668902E+190
   0.38000000E+001   0.11005096E+195   0.37774149E+195
   0.39000000E+001   0.17563474E+200   0.60285279E+200
   0.40000000E+001   0.28030253E+205   0.96211694E+205
   0.41000000E+001   0.44734604E+210   0.15354810E+211
   0.42000000E+001   0.71393749E+215   0.24505357E+216
   0.43000000E+001   0.11394015E+221   0.39109081E+221
   0.44000000E+001   0.18184165E+226   0.62415751E+226
   0.45000000E+001   0.29020838E+231   0.99611800E+231
   0.46000000E+001   0.46315518E+236   0.15897447E+237
   0.47000000E+001   0.73916793E+241   0.25371372E+242
   0.48000000E+001   0.11796677E+247   0.40491190E+247
   0.49000000E+001   0.18826790E+252   0.64621514E+252
   0.50000000E+001   0.30046429E+257   0.10313207E+258
   0.51000000E+001   0.47952301E+262   0.16459260E+263
   0.52000000E+001   0.76529001E+267   0.26267993E+268
   0.53000000E+001   0.12213570E+273   0.41922143E+273
   0.54000000E+001   0.19492126E+278   0.66905228E+278
   0.55000000E+001   0.31108266E+283   0.10677674E+284
   0.56000000E+001   0.49646928E+288   0.17040928E+289
   0.57000000E+001   0.79233524E+293   0.27196299E+294
   0.58000000E+001   0.12645196E+299   0.43403665E+299
   0.59000000E+001   0.20180975E+304   0.69269649E+304
   0.60000000E+001          Infinity          Infinity
   0.61000000E+001          Infinity          Infinity
   0.62000000E+001          Infinity          Infinity
   0.63000000E+001          Infinity          Infinity
   0.64000000E+001          Infinity          Infinity
   0.65000000E+001          Infinity          Infinity
   0.66000000E+001          Infinity          Infinity
   0.67000000E+001          Infinity          Infinity
   0.68000000E+001          Infinity          Infinity
   0.69000000E+001          Infinity          Infinity
   0.70000000E+001          Infinity          Infinity
   0.71000000E+001          Infinity          Infinity
   0.72000000E+001          Infinity          Infinity
   0.73000000E+001          Infinity          Infinity
   0.74000000E+001          Infinity          Infinity
   0.75000000E+001          Infinity          Infinity
   0.76000000E+001          Infinity          Infinity
   0.77000000E+001          Infinity          Infinity
   0.78000000E+001          Infinity          Infinity
   0.79000000E+001          Infinity          Infinity
   0.80000000E+001          Infinity          Infinity
   0.81000000E+001          Infinity          Infinity
   0.82000000E+001          Infinity          Infinity
   0.83000000E+001          Infinity          Infinity
   0.84000000E+001          Infinity          Infinity
   0.85000000E+001          Infinity          Infinity
   0.86000000E+001          Infinity          Infinity
   0.87000000E+001          Infinity          Infinity
   0.88000000E+001          Infinity          Infinity
   0.89000000E+001          Infinity          Infinity
   0.90000000E+001          Infinity          Infinity
   0.91000000E+001          Infinity          Infinity
   0.92000000E+001          Infinity          Infinity
   0.93000000E+001          Infinity          Infinity
   0.94000000E+001          Infinity          Infinity
   0.95000000E+001          Infinity          Infinity
   0.96000000E+001          Infinity          Infinity
   0.97000000E+001          Infinity          Infinity
   0.98000000E+001          Infinity          Infinity
   0.99000000E+001          Infinity          Infinity
